<html>
<body>
<pre>
<h1>µVision Build Log</h1>
<h2>Project:</h2>
C:\Keil\ARM\Examples\Measure\keil_workouts\uart\uart_Test\uart.uvproj
Project File Date:  10/25/2025

<h2>Output:</h2>
Rebuild target 'Target 1'
assembling Startup.s...
compiling uart_test.c...
compiling uart_lcd_Test.c...
linking...
Program Size: Code=1464 RO-data=16 RW-data=0 ZI-data=1256  
FromELF: creating hex file...
"uart.axf" - 0 Error(s), 0 Warning(s).
Rebuild target 'Target 1'
assembling Startup.s...
compiling uart_test.c...
compiling uart_lcd_Test.c...
linking...
Program Size: Code=1464 RO-data=16 RW-data=0 ZI-data=1256  
FromELF: creating hex file...
"uart.axf" - 0 Error(s), 0 Warning(s).
Rebuild target 'Target 1'
assembling Startup.s...
compiling uart_test.c...
compiling uart_lcd_Test.c...
linking...
Program Size: Code=1444 RO-data=16 RW-data=0 ZI-data=1256  
FromELF: creating hex file...
"uart.axf" - 0 Error(s), 0 Warning(s).
Rebuild target 'Target 1'
assembling Startup.s...
compiling uart_test.c...
compiling uart_lcd_Test.c...
linking...
Program Size: Code=1464 RO-data=16 RW-data=0 ZI-data=1256  
FromELF: creating hex file...
"uart.axf" - 0 Error(s), 0 Warning(s).
Rebuild target 'Target 1'
assembling Startup.s...
compiling uart_test.c...
compiling uart_lcd_Test.c...
linking...
Program Size: Code=1464 RO-data=16 RW-data=0 ZI-data=1256  
FromELF: creating hex file...
"uart.axf" - 0 Error(s), 0 Warning(s).
Rebuild target 'Target 1'
assembling Startup.s...
compiling uart_test.c...
compiling uart_lcd_Test.c...
linking...
Program Size: Code=1484 RO-data=16 RW-data=0 ZI-data=1256  
FromELF: creating hex file...
"uart.axf" - 0 Error(s), 0 Warning(s).
